[chapa2integrandoesforcos.blogspot.com/index.html]
[backblue.gif]
[fade.gif]
[index.html]
[chapa2integrandoesforcos.blogspot.com/feeds/posts/defaulthtml.html]
[chapa2integrandoesforcos.blogspot.com/feeds/posts/default9522html.html]
[www1.blogblog.com/rounders3/corners_main_bot.gif]
[www1.blogblog.com/rounders3/corners_main_top.gif]
[www.blogblog.com/rounders3/rails_main.gif]
[www2.blogblog.com/rounders3/corners_cap_top.gif]
[www.blogblog.com/rounders3/corners_cap_bot.gif]
[www2.blogblog.com/rounders3/icon_arrow.gif]
[www.blogblog.com/rounders/icon_comment_left.gif]
[www.blogblog.com/rounders3/icon_comment_left.gif]
[www.blogblog.com/rounders3/icon_profile_left.gif]
[www.blogblog.com/rounders3/corners_prof_bot.gif]
[www2.blogblog.com/rounders3/corners_prof_top.gif]
[www.blogblog.com/rounders3/corners_side_top.gif]
[www1.blogblog.com/rounders3/corners_side_bot.gif]
[www2.blogblog.com/rounders3/icon_arrow_sm.gif]
[2.bp.blogspot.com/_X7Mmb8QFbM4/SvRw-KwzkWI/AAAAAAAAAA8/NCGUl7vitkA/S730/Chapa+CEUE.jpg]
[img1.blogblog.com/img/icon18_wrench_allbkg.png]
[chapa2integrandoesforcos.blogspot.com/2009/11/colegas-da-engenharia.html]
[3.bp.blogspot.com/_X7Mmb8QFbM4/SvHGC6l8N3I/AAAAAAAAAAk/1o_iqWEbikc/s1600-h/Minerva.html]
[3.bp.blogspot.com/_X7Mmb8QFbM4/SvHGC6l8N3I/AAAAAAAAAAk/1o_iqWEbikc/s320/Minerva.png]
[4.bp.blogspot.com/_X7Mmb8QFbM4/SvHDmGM4juI/AAAAAAAAAAU/jTahbosCHW8/s1600-h/EngenhariaUFRGS2.html]
[4.bp.blogspot.com/_X7Mmb8QFbM4/SvHDmGM4juI/AAAAAAAAAAU/jTahbosCHW8/s320/EngenhariaUFRGS2.jpg]
[www.blogger.com/static/v1/widgets/2861516469-widgets.js]
[chapa2integrandoesforcos.blogspot.com/index.html]
[www.blogger.com/img/triangle_ltr.gif]
[www.blogger.com/static/v1/widgets/3734822104-widget_css_bundle.css]
[www.blogger.com/dyn-css/authorizationfd23.css]
[chapa2integrandoesforcos.blogspot.com/feeds/4174043159371220176/comments/defaulthtml.html]
[3.bp.blogspot.com/_X7Mmb8QFbM4/SvHGC6l8N3I/AAAAAAAAAAk/1o_iqWEbikc/s72-c/Minerva.png]
[chapa2integrandoesforcos.blogspot.com/2009/11/colegas-da-engenharia.html]
[3.bp.blogspot.com/_X7Mmb8QFbM4/SvHGC6l8N3I/AAAAAAAAAAk/1o_iqWEbikc/s1600/Minerva.png]
[3.bp.blogspot.com/_X7Mmb8QFbM4/SvHGC6l8N3I/AAAAAAAAAAk/1o_iqWEbikc/s1600-h/Minerva.html]
[4.bp.blogspot.com/_X7Mmb8QFbM4/SvHDmGM4juI/AAAAAAAAAAU/jTahbosCHW8/s1600/EngenhariaUFRGS2.jpg]
[4.bp.blogspot.com/_X7Mmb8QFbM4/SvHDmGM4juI/AAAAAAAAAAU/jTahbosCHW8/s1600-h/EngenhariaUFRGS2.html]
