[www.movimentohermes.com.br/index.html]
[backblue.gif]
[fade.gif]
[index.html]
[www.movimentohermes.com.br/indexc0d0.php]
[www.movimentohermes.com.br/index7b17.php]
[www.movimentohermes.com.br/templates/ja_pyro/favicon.ico]
[www.movimentohermes.com.br/media/system/js/mootools.js]
[www.movimentohermes.com.br/media/system/js/caption.js]
[www.movimentohermes.com.br/plugins/content/ja_tabs/ja.tabs.js]
[www.movimentohermes.com.br/modules/mod_ja_contentslide/assets/js/ja_contentslide.js]
[www.movimentohermes.com.br/modules/mod_jaslideshow2/assets/script.js]
[www.movimentohermes.com.br/plugins/content/jw_allvideos/includes/players/wmvplayer/silverlight.js]
[www.movimentohermes.com.br/plugins/content/jw_allvideos/includes/players/wmvplayer/wmvplayer.js]
[www.movimentohermes.com.br/plugins/content/jw_allvideos/includes/jw_allvideos.js]
[www.movimentohermes.com.br/templates/ja_pyro.19.delayed]
[www.movimentohermes.com.br/templates/ja_pyro/js/ja.script.js]
[www.movimentohermes.com.br/templates/ja_pyro/js/ja.ddmod.js]
[www.movimentohermes.com.br/templates/ja_pyro/js/menu/mega.js]
[www.movimentohermes.com.br/index-2.html]
[www.movimentohermes.com.br/diretorias.html]
[www.movimentohermes.com.br/projetos.html]
[www.movimentohermes.com.br/tudo.22.delayed]
[www.movimentohermes.com.br/acoes.html]
[www.movimentohermes.com.br/component/content/article/demo-slideshow/hermes.25.delayed]
[www.movimentohermes.com.br/component/content/article/demo-slideshow/quem-somos.26.delayed]
[www.movimentohermes.com.br/component/content/article/demo-slideshow/por-que-nos.27.delayed]
[www.movimentohermes.com.br/images/stories/demo/slideshow/sl-4.png]
[www.movimentohermes.com.br/templates/ja_pyro/images/re-left.gif]
[www.movimentohermes.com.br/templates/ja_pyro/images/re-right.gif]
[www.movimentohermes.com.br/projetos/olimpiadas-sedentarias-do-ceue.html]
[www.movimentohermes.com.br/projetos/fliperama-no-ceue.html]
[www.movimentohermes.com.br/projetos/fliperama-no-ceue.2f.delayed]
[www.movimentohermes.com.br/projetos/republica-do-ceue.html]
[www.movimentohermes.com.br/projetos/republica-do-ceue.31.delayed]
[www.movimentohermes.com.br/projetos/apoio-a-criacao-e-modernizacao-de-laboratorios.html]
[www.movimentohermes.com.br/projetos/apoio-a-criacao-e-modernizacao-de-laboratorios.33.delayed]
[www.movimentohermes.com.br/projetos/resumo-das-acoes-de-do-movimento-hermes-na-escola-de-engenharia.html]
[www.movimentohermes.com.br/projetos/resumo-das-acoes-de-do-movimento-hermes-na-escola-de-engenharia.35.delayed]
[www.movimentohermes.com.br/projetos/ceue-apoia-teu-subcentro.html]
[www.movimentohermes.com.br/projetos/ceue-apoia-teu-subcentro.37.delayed]
[www.movimentohermes.com.br/acoes/realizadas.html]
[www.movimentohermes.com.br/projetos/semana-academica-integrada-da-engenharia.html]
[www.movimentohermes.com.br/projetos/programa-de-apoio-a-mobilidade-entre-engenharias.html]
[www.movimentohermes.com.br/projetos/grupos-de-estudos-ceue.html]
[www.movimentohermes.com.br/projetos/fomento-a-encontro-de-estudantes-de-engenharia.html]
[www.movimentohermes.com.br/projetos/rodada-de-debates.html]
[www.movimentohermes.com.br/projetos/recepcao-dos-calouros-da-escola-de-engenharia.html]
[www.movimentohermes.com.br/projetos/ceue-te-integra.html]
[www.movimentohermes.com.br/projetos/ceue-rock-festival.html]
[www.movimentohermes.com.br/projetos/gerenciamento-de-contatos-com-cas-e-das-de-engenharia-do-brasil.html]
[www.movimentohermes.com.br/projetos/ceue-te-emprega.html]
[www.movimentohermes.com.br/projetos/relacoes-institucionais-industriais-e-sindicais-do-ceue.html]
[www.movimentohermes.com.br/projetos/ceue-ajuda-a-escolher-teu-curso.html]
[www.movimentohermes.com.br/projetos/ceue-apoia-tua-moradia.html]
[www.movimentohermes.com.br/projetos/resgate-do-passado-da-escola-de-engenhariaresgate-do-passado-da-escola-de-engenharia.html]
[www.movimentohermes.com.br/projetos/conscientizacao-social-de-alunos-da-escola-de-engenharia.html]
[www.movimentohermes.com.br/projetos/apoio-a-novos-projetos-do-ceue.html]
[www.movimentohermes.com.br/projetos/oficina-de-projetos.html]
[www.movimentohermes.com.br/projetos/desenvolvimento-de-software.html]
[www.movimentohermes.com.br/projetos/grafica-do-ceue.html]
[www.movimentohermes.com.br/projetos/fontes-de-renda-do-ceue.html]
[www.movimentohermes.com.br/projetos/relatorias-de-gestao-do-ceue.html]
[www.movimentohermes.com.br/projetos/gerenciamento-de-prestadores-de-servico-do-ceue.html]
[www.movimentohermes.com.br/projetos/divulgacao-de-gerenciamento-de-entidades-academicas.html]
[www.movimentohermes.com.br/projetos/cadastro-dos-alunos-e-ex-alunos-da-escola-de-engenharia.html]
[www.movimentohermes.com.br/projetos/gerenciamento-de-contatos-externos-do-ceue-e-subcentros.html]
[www.movimentohermes.com.br/projetos/ceue-pre-vestibular-popular.html]
[www.movimentohermes.com.br/projetos/ceue-apoia-teu-pre-vestibular-popular.html]
[www.movimentohermes.com.br/projetos/ceue-procura-os-direitos-do-movimento-estudantil.html]
[www.movimentohermes.com.br/projetos/jornal-do-ceue.html]
[www.movimentohermes.com.br/modules/mod_jatwitter/assets/images/twitter-16x16.png]
[www.movimentohermes.com.br/index.html]
[www.movimentohermes.com.br/plugins/content/ja_tabs/ja.tabs.css]
[www.movimentohermes.com.br/modules/mod_jatwitter/assets/style.css]
[www.movimentohermes.com.br/login.html]
[www.movimentohermes.com.br/modules/mod_ja_contentslide/assets/css/corner-br.58.delayed]
[www.movimentohermes.com.br/modules/mod_ja_contentslide/assets/css/corner-bl.59.delayed]
[www.movimentohermes.com.br/modules/mod_ja_contentslide/assets/css/corner-tr.5a.delayed]
[www.movimentohermes.com.br/modules/mod_ja_contentslide/assets/css/corner-tl.5b.delayed]
[www.movimentohermes.com.br/modules/mod_ja_contentslide/assets/css/ja_contentslide.css]
[www.movimentohermes.com.br/templates/ja_pyro/css/ja_contentslide.css]
[www.movimentohermes.com.br/modules/mod_jaslideshow2/assets/arrow-l.gif]
[www.movimentohermes.com.br/modules/mod_jaslideshow2/assets/arrow-r.gif]
[www.movimentohermes.com.br/modules/mod_jaslideshow2/assets/arrow-ri.gif]
[www.movimentohermes.com.br/modules/mod_jaslideshow2/assets/arrow-ri-hover.gif]
[www.movimentohermes.com.br/modules/mod_jaslideshow2/assets/arrow-bg.png]
[www.movimentohermes.com.br/modules/mod_jaslideshow2/assets/grad-bg.gif]
[www.movimentohermes.com.br/modules/mod_jaslideshow2/assets/style.css]
[www.movimentohermes.com.br/templates/ja_pyro/images/sl-slidewrap-bg.gif]
[www.movimentohermes.com.br/templates/ja_pyro/images/sl-deco.png]
[www.movimentohermes.com.br/templates/ja_pyro/images/sl-sep.gif]
[www.movimentohermes.com.br/templates/ja_pyro/images/sl-readon-bg.gif]
[www.movimentohermes.com.br/templates/ja_pyro/images/sl-thumb-active.gif]
[www.movimentohermes.com.br/templates/ja_pyro/css/mod_jaslideshow2.css]
[www.movimentohermes.com.br/templates/system/images/j_button2_left.png]
[www.movimentohermes.com.br/templates/system/images/j_button2_right.69.delayed]
[www.movimentohermes.com.br/templates/system/images/j_button2_image.png]
[www.movimentohermes.com.br/templates/system/images/j_button2_readmore.png]
[www.movimentohermes.com.br/templates/system/images/j_button2_pagebreak.png]
[www.movimentohermes.com.br/templates/system/images/j_button2_blank.png]
[www.movimentohermes.com.br/templates/system/images/selector-arrow.png]
[www.movimentohermes.com.br/templates/system/images/calendar.png]
[www.movimentohermes.com.br/templates/system/css/general.css]
[www.movimentohermes.com.br/templates/ja_pyro/images/body-bg.gif]
[www.movimentohermes.com.br/templates/ja_pyro/images/bullet3.gif]
[www.movimentohermes.com.br/templates/ja_pyro/images/button-bg.gif]
[www.movimentohermes.com.br/templates/ja_pyro/images/button-bg2.gif]
[www.movimentohermes.com.br/templates/ja_pyro/images/input-bg.gif]
[www.movimentohermes.com.br/templates/ja_pyro/images/blog-bg.gif]
[www.movimentohermes.com.br/templates/ja_pyro/images/icon-user.gif]
[www.movimentohermes.com.br/templates/ja_pyro/images/icon-date.gif]
[www.movimentohermes.com.br/templates/ja_pyro/images/icon-badge.png]
[www.movimentohermes.com.br/templates/ja_pyro/images/bt-br.gif]
[www.movimentohermes.com.br/templates/ja_pyro/images/bt-bl.gif]
[www.movimentohermes.com.br/templates/ja_pyro/images/bt-tr.gif]
[www.movimentohermes.com.br/templates/ja_pyro/images/bt-tl.gif]
[www.movimentohermes.com.br/templates/ja_pyro/images/sidebar-bg.gif]
[www.movimentohermes.com.br/templates/ja_pyro/images/rightcol-bg.gif]
[www.movimentohermes.com.br/templates/ja_pyro/images/h3-bg.gif]
[www.movimentohermes.com.br/templates/ja_pyro/images/moduletable-bg.gif]
[www.movimentohermes.com.br/templates/ja_pyro/images/box-ct-bg.gif]
[www.movimentohermes.com.br/templates/ja_pyro/images/moduletable-bg2.gif]
[www.movimentohermes.com.br/templates/ja_pyro/images/logo.png]
[www.movimentohermes.com.br/templates/ja_pyro/images/bullet4.gif]
[www.movimentohermes.com.br/templates/ja_pyro/images/mainnav-grad.gif]
[www.movimentohermes.com.br/templates/ja_pyro/images/arrow-01.gif]
[www.movimentohermes.com.br/templates/ja_pyro/images/arrow3.png]
[www.movimentohermes.com.br/templates/ja_pyro/images/mainnav-line-sep.gif]
[www.movimentohermes.com.br/templates/ja_pyro/images/arrow-02.gif]
[www.movimentohermes.com.br/templates/ja_pyro/images/arrow2.png]
[www.movimentohermes.com.br/templates/ja_pyro/images/arrow2-w.png]
[www.movimentohermes.com.br/templates/ja_pyro/images/moduletable-bg3.gif]
[www.movimentohermes.com.br/templates/ja_pyro/images/bullet.gif]
[www.movimentohermes.com.br/templates/ja_pyro/images/hline.gif]
[www.movimentohermes.com.br/templates/ja_pyro/images/t3-logo.png]
[www.movimentohermes.com.br/templates/ja_pyro/images/rs-content.gif]
[www.movimentohermes.com.br/templates/ja_pyro/images/rs-top.png]
[www.movimentohermes.com.br/templates/ja_pyro/images/rs-corner.png]
[www.movimentohermes.com.br/templates/ja_pyro/images/rs-mid-l.png]
[www.movimentohermes.com.br/templates/ja_pyro/images/rs-mid-r.png]
[www.movimentohermes.com.br/templates/ja_pyro/images/rs-bot.png]
[www.movimentohermes.com.br/templates/ja_pyro/images/rs2-top.png]
[www.movimentohermes.com.br/templates/ja_pyro/images/rs2-corner.png]
[www.movimentohermes.com.br/templates/ja_pyro/images/rs2-mid-l.png]
[www.movimentohermes.com.br/templates/ja_pyro/images/rs2-mid-r.png]
[www.movimentohermes.com.br/templates/ja_pyro/images/rs2-bot.png]
[www.movimentohermes.com.br/templates/ja_pyro/images/quotation.png]
[www.movimentohermes.com.br/templates/ja_pyro/images/icon-author.gif]
[www.movimentohermes.com.br/templates/ja_pyro/images/font_decrease.gif]
[www.movimentohermes.com.br/templates/ja_pyro/images/font_increase.gif]
[www.movimentohermes.com.br/templates/ja_pyro/images/emailButton.png]
[www.movimentohermes.com.br/templates/ja_pyro/images/printButton.png]
[www.movimentohermes.com.br/templates/ja_pyro/images/pdf_button.png]
[www.movimentohermes.com.br/templates/ja_pyro/css/template.css]
[www.movimentohermes.com.br/templates/ja_pyro/index.html]
[www.movimentohermes.com.br/templates/ja_pyro/index.html]
[www.movimentohermes.com.br/templates/ja_pyro/images/mainnav-sep.gif]
[www.movimentohermes.com.br/templates/ja_pyro/images/mega-bg.png]
[www.movimentohermes.com.br/templates/ja_pyro/images/mega-bg-m.png]
[www.movimentohermes.com.br/templates/ja_pyro/images/mega-bg-m2.png]
[www.movimentohermes.com.br/templates/ja_pyro/images/mega-bg2.png]
[www.movimentohermes.com.br/templates/ja_pyro/css/menu/mega.css]
[www.movimentohermes.com.br/templates/ja_pyro/css/colors/default.css]
[www.movimentohermes.com.br/index-2.html]
[www.movimentohermes.com.br/diretoriasdcab.feed]
[www.movimentohermes.com.br/diretorias/secretaria-unificada.html]
[www.movimentohermes.com.br/diretorias/presidencia.html]
[www.movimentohermes.com.br/diretorias/academica.html]
[www.movimentohermes.com.br/diretorias/social.html]
[www.movimentohermes.com.br/diretorias/integracao.html]
[www.movimentohermes.com.br/diretorias/marketing-e-relacoes-institucionais.html]
[www.movimentohermes.com.br/diretorias.html]
[www.movimentohermes.com.br/diretorias/projetos.html]
[www.movimentohermes.com.br/projetosdcab.feed]
[www.movimentohermes.com.br/projetosb550.feed]
[www.movimentohermes.com.br/projetos/oficina-de-projetos-ceue.html]
[www.movimentohermes.com.br/projetos.html]
[www.movimentohermes.com.br/coordenadorias.html]
[www.movimentohermes.com.br/tudo/index.html]
[ajax.googleapis.com/ajax/libs/jquery/1.3.1/jquery.min.js]
[www.movimentohermes.com.br/tudo/index.html]
[www.movimentohermes.com.br/acoesb550.feed]
[www.movimentohermes.com.br/acoes/oficina-de-projetos.html]
[www.movimentohermes.com.br/acoes/grupos-de-estudo.html]
[www.movimentohermes.com.br/acoes.html]
[www.movimentohermes.com.br/component/content/article/demo-slideshow/hermes.html]
[www.movimentohermes.com.br/component/content/article/demo-slideshow/quem-somos.html]
[www.movimentohermes.com.br/component/content/article/demo-slideshow/por-que-nos.html]
[www.movimentohermes.com.br/acoes/republica.html]
[www.movimentohermes.com.br/projetos/olimpiadas-sedentarias-do-ceueabf8.html]
[www.movimentohermes.com.br/projetos/olimpiadas-sedentarias-do-ceue.html]
[www.movimentohermes.com.br/sobre/wagner-martins-de-souza.html]
[www.movimentohermes.com.br/projetos/fliperama-no-ceueabf8.html]
[www.movimentohermes.com.br/projetos/fliperama-no-ceue.html]
[www.movimentohermes.com.br/projetos/fliperama-no-ceue-2.html]
[www.movimentohermes.com.br/sobre/emanuel-moutinho-cesconeto.html]
[www.movimentohermes.com.br/projetos/republica-do-ceueabf8.html]
[www.movimentohermes.com.br/projetos/olimpiadas-sedentarias-do-ceue.pdf]
[www.movimentohermes.com.br/projetos/republica-do-ceue.html]
[www.movimentohermes.com.br/projetos/republica-do-ceue-2.html]
[www.movimentohermes.com.br/sobre/marcos-vinicius-barbosa-ribeiro.html]
[www.movimentohermes.com.br/projetos/apoio-a-criacao-e-modernizacao-de-laboratoriosabf8.html]
[www.movimentohermes.com.br/projetos/apoio-a-criacao-e-modernizacao-de-laboratorios.html]
[www.movimentohermes.com.br/projetos/apoio-a-criacao-e-modernizacao-de-laboratorios-2.html]
[www.movimentohermes.com.br/projetos/resumo-das-acoes-de-do-movimento-hermes-na-escola-de-engenharia.html]
[www.movimentohermes.com.br/projetos/resumo-das-acoes-de-do-movimento-hermes-na-escola-de-engenharia-2.html]
[www.movimentohermes.com.br/projetos/ceue-apoia-teu-subcentroabf8.html]
[www.movimentohermes.com.br/projetos/republica-do-ceue.pdf]
[www.movimentohermes.com.br/projetos/ceue-apoia-teu-subcentro.html]
[www.movimentohermes.com.br/projetos/ceue-apoia-teu-subcentro-2.html]
[www.movimentohermes.com.br/acoes/realizadasabf8.html]
[www.movimentohermes.com.br/projetos/apoio-a-criacao-e-modernizacao-de-laboratorios.pdf]
[www.movimentohermes.com.br/acoes/realizadas.html]
[www.movimentohermes.com.br/projetos/semana-academica-integrada-da-engenhariaabf8.html]
[www.movimentohermes.com.br/projetos/resumo-das-acoes-de-do-movimento-hermes-na-escola-de-engenharia.pdf]
[www.movimentohermes.com.br/projetos/semana-academica-integrada-da-engenharia.html]
[www.movimentohermes.com.br/projetos/programa-de-apoio-a-mobilidade-entre-engenhariasabf8.html]
[www.movimentohermes.com.br/projetos/ceue-apoia-teu-subcentro.pdf]
[www.movimentohermes.com.br/projetos/programa-de-apoio-a-mobilidade-entre-engenharias.html]
[www.movimentohermes.com.br/projetos/grupos-de-estudos-ceueabf8.html]
[www.movimentohermes.com.br/projetos/semana-academica-integrada-da-engenharia.pdf]
[www.movimentohermes.com.br/projetos/grupos-de-estudos-ceue.html]
[www.movimentohermes.com.br/acoes/realizadas.pdf]
[www.movimentohermes.com.br/projetos/fomento-a-encontro-de-estudantes-de-engenhariaabf8.html]
[www.movimentohermes.com.br/projetos/fomento-a-encontro-de-estudantes-de-engenharia.html]
[www.movimentohermes.com.br/projetos/rodada-de-debates.html]
[www.movimentohermes.com.br/projetos/recepcao-dos-calouros-da-escola-de-engenhariaabf8.html]
[www.movimentohermes.com.br/projetos/programa-de-apoio-a-mobilidade-entre-engenharias.pdf]
[www.movimentohermes.com.br/projetos/recepcao-dos-calouros-da-escola-de-engenharia.html]
[www.movimentohermes.com.br/projetos/ceue-te-integraabf8.html]
[www.movimentohermes.com.br/projetos/fomento-a-encontro-de-estudantes-de-engenharia.pdf]
[www.movimentohermes.com.br/projetos/rodada-de-debates.pdf]
[www.movimentohermes.com.br/projetos/ceue-te-integra.html]
[www.movimentohermes.com.br/sobre/francio-rodrigues.html]
[www.movimentohermes.com.br/projetos/ceue-rock-festivalabf8.html]
[www.movimentohermes.com.br/projetos/ceue-rock-festival.html]
[www.movimentohermes.com.br/projetos/gerenciamento-de-contatos-com-cas-e-das-de-engenharia-do-brasilabf8.html]
[www.movimentohermes.com.br/projetos/recepcao-dos-calouros-da-escola-de-engenharia.pdf]
[www.movimentohermes.com.br/projetos/gerenciamento-de-contatos-com-cas-e-das-de-engenharia-do-brasil.html]
[www.movimentohermes.com.br/projetos/ceue-te-empregaabf8.html]
[www.movimentohermes.com.br/projetos/ceue-te-integra.pdf]
[www.movimentohermes.com.br/projetos/ceue-te-emprega.html]
[www.movimentohermes.com.br/projetos/relacoes-institucionais-industriais-e-sindicais-do-ceueabf8.html]
[www.movimentohermes.com.br/projetos/gerenciamento-de-contatos-com-cas-e-das-de-engenharia-do-brasil.pdf]
[www.movimentohermes.com.br/projetos/relacoes-institucionais-industriais-e-sindicais-do-ceue.html]
[www.movimentohermes.com.br/projetos/ceue-rock-festival.pdf]
[www.movimentohermes.com.br/projetos/ceue-ajuda-a-escolher-teu-cursoabf8.html]
[www.movimentohermes.com.br/projetos/ceue-te-emprega.pdf]
[www.movimentohermes.com.br/projetos/ceue-ajuda-a-escolher-teu-curso.html]
[www.movimentohermes.com.br/projetos/ceue-apoia-tua-moradia.html]
[www.movimentohermes.com.br/projetos/resgate-do-passado-da-escola-de-engenhariaresgate-do-passado-da-escola-de-engenhariaabf8.html]
[www.movimentohermes.com.br/projetos/relacoes-institucionais-industriais-e-sindicais-do-ceue.pdf]
[www.movimentohermes.com.br/projetos/resgate-do-passado-da-escola-de-engenhariaresgate-do-passado-da-escola-de-engenharia.html]
[www.movimentohermes.com.br/projetos/conscientizacao-social-de-alunos-da-escola-de-engenhariaabf8.html]
[www.movimentohermes.com.br/projetos/ceue-ajuda-a-escolher-teu-curso.pdf]
[www.movimentohermes.com.br/projetos/conscientizacao-social-de-alunos-da-escola-de-engenharia.html]
[www.movimentohermes.com.br/projetos/apoio-a-novos-projetos-do-ceueabf8.html]
[www.movimentohermes.com.br/projetos/apoio-a-novos-projetos-do-ceue.html]
[www.movimentohermes.com.br/projetos/ceue-apoia-tua-moradia.pdf]
[www.movimentohermes.com.br/projetos/resgate-do-passado-da-escola-de-engenhariaresgate-do-passado-da-escola-de-engenharia.pdf]
[www.movimentohermes.com.br/projetos/oficina-de-projetosabf8.html]
[www.movimentohermes.com.br/home/movimentohermes/movimentohermes.com.br/images/acoes/impressao/oficina-de-projetos.f5.delayed]
[www.movimentohermes.com.br/projetos/oficina-de-projetos.html]
[www.movimentohermes.com.br/projetos/desenvolvimento-de-software.html]
[www.movimentohermes.com.br/projetos/grafica-do-ceueabf8.html]
[www.movimentohermes.com.br/projetos/grafica-do-ceue.html]
[www.movimentohermes.com.br/projetos/conscientizacao-social-de-alunos-da-escola-de-engenharia.pdf]
[www.movimentohermes.com.br/projetos/fontes-de-renda-do-ceueabf8.html]
[www.movimentohermes.com.br/projetos/fontes-de-renda-do-ceue.html]
[www.movimentohermes.com.br/projetos/oficina-de-projetos.pdf]
[www.movimentohermes.com.br/projetos/relatorias-de-gestao-do-ceue.html]
[www.movimentohermes.com.br/projetos/gerenciamento-de-prestadores-de-servico-do-ceueabf8.html]
[www.movimentohermes.com.br/projetos/desenvolvimento-de-software.pdf]
[www.movimentohermes.com.br/projetos/gerenciamento-de-prestadores-de-servico-do-ceue.html]
[www.movimentohermes.com.br/projetos/divulgacao-de-gerenciamento-de-entidades-academicasabf8.html]
[www.movimentohermes.com.br/projetos/fontes-de-renda-do-ceue.pdf]
[www.movimentohermes.com.br/projetos/relatorias-de-gestao-do-ceue.pdf]
[www.movimentohermes.com.br/projetos/gerenciamento-de-prestadores-de-servico-do-ceue.pdf]
[www.movimentohermes.com.br/projetos/divulgacao-de-gerenciamento-de-entidades-academicas.html]
[www.movimentohermes.com.br/projetos/cadastro-dos-alunos-e-ex-alunos-da-escola-de-engenhariaabf8.html]
[www.movimentohermes.com.br/projetos/cadastro-dos-alunos-e-ex-alunos-da-escola-de-engenharia.html]
[www.movimentohermes.com.br/projetos/gerenciamento-de-contatos-externos-do-ceue-e-subcentrosabf8.html]
[www.movimentohermes.com.br/projetos/gerenciamento-de-contatos-externos-do-ceue-e-subcentros.html]
[www.movimentohermes.com.br/projetos/ceue-pre-vestibular-popular.html]
[www.movimentohermes.com.br/projetos/ceue-apoia-teu-pre-vestibular-popularabf8.html]
[www.movimentohermes.com.br/projetos/ceue-apoia-teu-pre-vestibular-popular.html]
[www.movimentohermes.com.br/projetos/ceue-procura-os-direitos-do-movimento-estudantilabf8.html]
[www.movimentohermes.com.br/projetos/ceue-procura-os-direitos-do-movimento-estudantil.html]
[www.movimentohermes.com.br/projetos/jornal-do-ceueabf8.html]
[www.movimentohermes.com.br/projetos/cadastro-dos-alunos-e-ex-alunos-da-escola-de-engenharia.pdf]
[www.movimentohermes.com.br/projetos/jornal-do-ceue.html]
[www.movimentohermes.com.br/images/stories/key.jpg]
[www.movimentohermes.com.br/login/reset.html]
[www.movimentohermes.com.br/login/register.html]
[www.movimentohermes.com.br/login.html]
[www.movimentohermes.com.br/modules/mod_ja_contentslide/assets/css/corner-br.html]
[www.movimentohermes.com.br/modules/mod_ja_contentslide/assets/css/corner-bl.html]
[www.movimentohermes.com.br/modules/mod_ja_contentslide/assets/css/corner-tr.html]
[www.movimentohermes.com.br/modules/mod_ja_contentslide/assets/css/corner-tl.html]
[www.movimentohermes.com.br/plugins/content/jw_allvideos/tmpl/images/videoplayer-bg.gif]
[www.movimentohermes.com.br/plugins/content/jw_allvideos/tmpl/css/template.css]
[www.movimentohermes.com.br/plugins/content/jw_allvideos/includes/players/quicktimeplayer/AC_QuickTime.js]
[www.movimentohermes.com.br/templates/system/images/j_button2_right.html]
[www.movimentohermes.com.br/templates/ja_pyro/css/addons.css]
[www.movimentohermes.com.br/templates/ja_pyro/css/layout.css]
[www.movimentohermes.com.br/templates/ja_pyro/images/sc-q.gif]
[www.movimentohermes.com.br/templates/ja_pyro/images/icons/icons-sprites-silk.png]
[www.movimentohermes.com.br/templates/ja_pyro/images/numberlist-bg.png]
[www.movimentohermes.com.br/templates/ja_pyro/images/bubble-l.png]
[www.movimentohermes.com.br/templates/ja_pyro/images/bubble-d.png]
[www.movimentohermes.com.br/templates/ja_pyro/images/bubble-hl.png]
[www.movimentohermes.com.br/projetos/ceue-pre-vestibular-popular.pdf]
[www.movimentohermes.com.br/templates/ja_pyro/images/icons/icon-author.gif]
[www.movimentohermes.com.br/templates/ja_pyro/images/icons/sticky-big.png]
[www.movimentohermes.com.br/templates/ja_pyro/images/icons/download-big.png]
[www.movimentohermes.com.br/templates/ja_pyro/css/typo.css]
[www.movimentohermes.com.br/diretorias/secretaria-unificadaabf8.html]
[www.movimentohermes.com.br/diretorias/secretaria-unificada.html]
[www.movimentohermes.com.br/projetos/gerenciamento-de-contatos-externos-do-ceue-e-subcentros.pdf]
[www.movimentohermes.com.br/diretorias/presidencia.html]
[www.movimentohermes.com.br/diretorias/academicaabf8.html]
[www.movimentohermes.com.br/projetos/jornal-do-ceue.pdf]
[www.movimentohermes.com.br/diretorias/academica.html]
[www.movimentohermes.com.br/diretorias/socialabf8.html]
[www.movimentohermes.com.br/diretorias/secretaria-unificada.pdf]
[www.movimentohermes.com.br/diretorias/social.html]
[www.movimentohermes.com.br/diretorias/presidencia.pdf]
[www.movimentohermes.com.br/diretorias/academica.pdf]
[www.movimentohermes.com.br/diretorias/integracaoabf8.html]
[www.movimentohermes.com.br/diretorias/social.pdf]
[www.movimentohermes.com.br/diretorias/integracao.html]
[www.movimentohermes.com.br/diretorias/marketing-e-relacoes-institucionais.html]
[www.movimentohermes.com.br/diretorias/projetosabf8.html]
[www.movimentohermes.com.br/diretorias/projetos.html]
[www.movimentohermes.com.br/diretorias/integracao.pdf]
[www.movimentohermes.com.br/projetos/oficina-de-projetos-ceue.html]
[www.movimentohermes.com.br/coordenadoriasdcab.feed]
[www.movimentohermes.com.br/coordenadoriasb550.feed]
[www.movimentohermes.com.br/coordenadorias.html]
[vue.tufts.edu/htmlexport-includes/jquery.maphilight.min.js]
[vue.tufts.edu/htmlexport-includes/v3/tooltip.min.js]
[www.movimentohermes.com.br/acoes/oficina-de-projetosabf8.html]
[www.movimentohermes.com.br/diretorias/marketing-e-relacoes-institucionais.pdf]
[www.movimentohermes.com.br/acoes/oficina-de-projetos.html]
[www.movimentohermes.com.br/acoes/grupos-de-estudoabf8.html]
[www.movimentohermes.com.br/acoes/oficina-de-projetos.pdf]
[www.movimentohermes.com.br/diretorias/projetos.pdf]
[movimentohermes.com.br/images/acoes/impressao/grupos-de-estudos.133.delayed]
[www.movimentohermes.com.br/images/acoes/impressao/grupos-de-estudos.jpg]
[www.movimentohermes.com.br/acoes/grupos-de-estudo.html]
[www.movimentohermes.com.br/acoes/grupos-de-estudo.pdf]
[www.movimentohermes.com.br/acoes/republicaabf8.html]
[www.movimentohermes.com.br/projetos/oficina-de-projetos-ceue.pdf]
[www.movimentohermes.com.br/images/acoes/republica-da-engenharia_web.jpg]
[www.movimentohermes.com.br/acoes/republica.html]
[www.movimentohermes.com.br/faca-parte.html]
[www.movimentohermes.com.br/faca-parteabf8.html]
[www.movimentohermes.com.br/faca-parte.html]
[www.movimentohermes.com.br/component/content/article/demo-slideshow/faca-parte.html]
[www.movimentohermes.com.br/component/content/article/demo-slideshow/faca-parte.html]
[www.movimentohermes.com.br/component/mailto/index99d4.html]
[www.movimentohermes.com.br/components/com_mailto/assets/close-x.png]
[www.movimentohermes.com.br/component/mailto/index99d4.html]
[www.movimentohermes.com.br/projetos/olimpiadas-sedentarias-do-ceueabf8.html]
[www.movimentohermes.com.br/sobre/wagner-martins-de-souzaabf8.html]
[www.movimentohermes.com.br/acoes/republica.pdf]
[www.movimentohermes.com.br/sobre/wagner-martins-de-souza.html]
[www.movimentohermes.com.br/projetos/olimpiadas-sedentarias-do-ceue.html']
[www.movimentohermes.com.br/projetos/olimpiadas-sedentarias-do-ceue.html']
[www.movimentohermes.com.br/component/mailto/index2649.html]
[www.movimentohermes.com.br/component/mailto/index2649.html]
[www.movimentohermes.com.br/projetos/fliperama-no-ceueabf8.html]
[www.movimentohermes.com.br/sobre/emanuel-moutinho-cesconetoabf8.html]
[www.movimentohermes.com.br/sobre/wagner-martins-de-souza.pdf]
[www.movimentohermes.com.br/sobre/emanuel-moutinho-cesconeto.html]
[www.movimentohermes.com.br/component/mailto/indexb1f1.html]
[www.movimentohermes.com.br/component/mailto/indexb1f1.html]
[www.movimentohermes.com.br/projetos/republica-do-ceueabf8.html]
[www.movimentohermes.com.br/sobre/marcos-vinicius-barbosa-ribeiroabf8.html]
[www.movimentohermes.com.br/sobre/emanuel-moutinho-cesconeto.pdf]
[www.movimentohermes.com.br/sobre/marcos-vinicius-barbosa-ribeiro.html]
[www.movimentohermes.com.br/component/mailto/index4f5a.html]
[www.movimentohermes.com.br/component/mailto/index4f5a.html]
[www.movimentohermes.com.br/projetos/apoio-a-criacao-e-modernizacao-de-laboratoriosabf8.html]
[www.movimentohermes.com.br/component/mailto/indexfc0e.html]
[www.movimentohermes.com.br/component/mailto/indexfc0e.html]
[www.movimentohermes.com.br/component/mailto/indexd84b.html]
[www.movimentohermes.com.br/component/mailto/indexd84b.html]
[www.movimentohermes.com.br/projetos/ceue-apoia-teu-subcentroabf8.html]
[www.movimentohermes.com.br/component/mailto/index7bda.html]
[www.movimentohermes.com.br/component/mailto/index7bda.html]
[www.movimentohermes.com.br/acoes/realizadasabf8.html]
[www.movimentohermes.com.br/component/mailto/indexa6b2.html]
[www.movimentohermes.com.br/component/mailto/indexa6b2.html]
[www.movimentohermes.com.br/projetos/semana-academica-integrada-da-engenhariaabf8.html]
[www.movimentohermes.com.br/component/mailto/index96f8.html]
[www.movimentohermes.com.br/component/mailto/index96f8.html]
[www.movimentohermes.com.br/projetos/programa-de-apoio-a-mobilidade-entre-engenhariasabf8.html]
[www.movimentohermes.com.br/component/mailto/index07d5.html]
[www.movimentohermes.com.br/component/mailto/index07d5.html]
[www.movimentohermes.com.br/projetos/grupos-de-estudos-ceueabf8.html]
[www.movimentohermes.com.br/component/mailto/index9f66.html]
[www.movimentohermes.com.br/component/mailto/index9f66.html]
[www.movimentohermes.com.br/projetos/fomento-a-encontro-de-estudantes-de-engenhariaabf8.html]
[www.movimentohermes.com.br/sobre/marcos-vinicius-barbosa-ribeiro.pdf]
[www.movimentohermes.com.br/component/mailto/index82a2.html]
[www.movimentohermes.com.br/component/mailto/index82a2.html]
[www.movimentohermes.com.br/component/mailto/index65b1.html]
[www.movimentohermes.com.br/component/mailto/index65b1.html]
[www.movimentohermes.com.br/projetos/recepcao-dos-calouros-da-escola-de-engenhariaabf8.html]
[www.movimentohermes.com.br/component/mailto/indexaee8.html]
[www.movimentohermes.com.br/component/mailto/indexaee8.html]
[www.movimentohermes.com.br/projetos/ceue-te-integraabf8.html]
[www.movimentohermes.com.br/sobre/francio-rodriguesabf8.html]
[www.movimentohermes.com.br/sobre/francio-rodrigues.html]
[www.movimentohermes.com.br/projetos/ceue-rock-festivalabf8.html]
[www.movimentohermes.com.br/component/mailto/index1198.html]
[www.movimentohermes.com.br/component/mailto/index1198.html]
[www.movimentohermes.com.br/projetos/gerenciamento-de-contatos-com-cas-e-das-de-engenharia-do-brasilabf8.html]
[www.movimentohermes.com.br/component/mailto/index030e.html]
[www.movimentohermes.com.br/component/mailto/index030e.html]
[www.movimentohermes.com.br/projetos/ceue-te-empregaabf8.html]
[www.movimentohermes.com.br/component/mailto/index85de.html]
[www.movimentohermes.com.br/component/mailto/index85de.html]
[www.movimentohermes.com.br/projetos/relacoes-institucionais-industriais-e-sindicais-do-ceueabf8.html]
[www.movimentohermes.com.br/component/mailto/index2285.html]
[www.movimentohermes.com.br/component/mailto/index2285.html]
[www.movimentohermes.com.br/projetos/ceue-ajuda-a-escolher-teu-cursoabf8.html]
[www.movimentohermes.com.br/component/mailto/indexd4bd.html]
[www.movimentohermes.com.br/component/mailto/indexd4bd.html]
[www.movimentohermes.com.br/component/mailto/index78f0.html]
[www.movimentohermes.com.br/component/mailto/index78f0.html]
[www.movimentohermes.com.br/projetos/resgate-do-passado-da-escola-de-engenhariaresgate-do-passado-da-escola-de-engenhariaabf8.html]
[www.movimentohermes.com.br/component/mailto/indexa144.html]
[www.movimentohermes.com.br/component/mailto/indexa144.html]
[www.movimentohermes.com.br/projetos/conscientizacao-social-de-alunos-da-escola-de-engenhariaabf8.html]
[www.movimentohermes.com.br/component/mailto/index4db4.html]
[www.movimentohermes.com.br/component/mailto/index4db4.html]
[www.movimentohermes.com.br/projetos/apoio-a-novos-projetos-do-ceueabf8.html]
[www.movimentohermes.com.br/component/mailto/indexe9c9.html]
[www.movimentohermes.com.br/component/mailto/indexe9c9.html]
[www.movimentohermes.com.br/projetos/oficina-de-projetosabf8.html]
[www.movimentohermes.com.br/home/movimentohermes/movimentohermes.com.br/images/acoes/impressao/oficina-de-projetos.html]
[www.movimentohermes.com.br/sobre/francio-rodrigues.pdf]
[www.movimentohermes.com.br/component/mailto/indexcc0c.html]
[www.movimentohermes.com.br/component/mailto/indexcc0c.html]
[www.movimentohermes.com.br/component/mailto/indexa7bf.html]
[www.movimentohermes.com.br/component/mailto/indexa7bf.html]
[www.movimentohermes.com.br/projetos/grafica-do-ceueabf8.html]
[www.movimentohermes.com.br/component/mailto/index3e5a.html]
[www.movimentohermes.com.br/component/mailto/index3e5a.html]
[www.movimentohermes.com.br/projetos/fontes-de-renda-do-ceueabf8.html]
[www.movimentohermes.com.br/component/mailto/indexd3b7.html]
[www.movimentohermes.com.br/component/mailto/indexd3b7.html]
[www.movimentohermes.com.br/component/mailto/index555d.html]
[www.movimentohermes.com.br/component/mailto/index555d.html]
[www.movimentohermes.com.br/projetos/gerenciamento-de-prestadores-de-servico-do-ceueabf8.html]
[www.movimentohermes.com.br/component/mailto/index16e5.html]
[www.movimentohermes.com.br/component/mailto/index16e5.html]
[www.movimentohermes.com.br/projetos/divulgacao-de-gerenciamento-de-entidades-academicasabf8.html]
[www.movimentohermes.com.br/component/mailto/indexe7a2.html]
[www.movimentohermes.com.br/component/mailto/indexe7a2.html]
[www.movimentohermes.com.br/projetos/cadastro-dos-alunos-e-ex-alunos-da-escola-de-engenhariaabf8.html]
[www.movimentohermes.com.br/component/mailto/index9f40.html]
[www.movimentohermes.com.br/component/mailto/index9f40.html]
[www.movimentohermes.com.br/projetos/gerenciamento-de-contatos-externos-do-ceue-e-subcentrosabf8.html]
[www.movimentohermes.com.br/component/mailto/indexf552.html]
[www.movimentohermes.com.br/component/mailto/indexf552.html]
[www.movimentohermes.com.br/component/mailto/index1578.html]
[www.movimentohermes.com.br/component/mailto/index1578.html]
[www.movimentohermes.com.br/projetos/ceue-apoia-teu-pre-vestibular-popularabf8.html]
[www.movimentohermes.com.br/component/mailto/indexbf2b.html]
[www.movimentohermes.com.br/component/mailto/indexbf2b.html]
[www.movimentohermes.com.br/projetos/ceue-procura-os-direitos-do-movimento-estudantilabf8.html]
[www.movimentohermes.com.br/component/mailto/index12c5.html]
[www.movimentohermes.com.br/component/mailto/index12c5.html]
[www.movimentohermes.com.br/projetos/jornal-do-ceueabf8.html]
[www.movimentohermes.com.br/media/system/js/validate.js]
[www.movimentohermes.com.br/login/reset.html]
[www.movimentohermes.com.br/login/register.html]
[www.movimentohermes.com.br/templates/ja_pyro/images/sl-corner.gif]
[openid.net/images/login-bg.gif]
[www.movimentohermes.com.br/templates/system/css/system.css]
[www.movimentohermes.com.br/diretoriasb550.feed]
[www.movimentohermes.com.br/component/mailto/indexb366.html]
[www.movimentohermes.com.br/component/mailto/indexb366.html]
[www.movimentohermes.com.br/diretorias/secretaria-unificadaabf8.html]
[www.movimentohermes.com.br/component/mailto/indexd294.html]
[www.movimentohermes.com.br/component/mailto/indexd294.html]
[www.movimentohermes.com.br/component/mailto/index4d2a.html]
[www.movimentohermes.com.br/component/mailto/index4d2a.html]
[www.movimentohermes.com.br/diretorias/academicaabf8.html]
[www.movimentohermes.com.br/component/mailto/indexd6e7.html]
[www.movimentohermes.com.br/component/mailto/indexd6e7.html]
[www.movimentohermes.com.br/diretorias/socialabf8.html]
[www.movimentohermes.com.br/component/mailto/indexbe62.html]
[www.movimentohermes.com.br/component/mailto/indexbe62.html]
[www.movimentohermes.com.br/diretorias/integracaoabf8.html]
[www.movimentohermes.com.br/component/mailto/index7414.html]
[www.movimentohermes.com.br/component/mailto/index7414.html]
[www.movimentohermes.com.br/component/mailto/index80ea.html]
[www.movimentohermes.com.br/component/mailto/index80ea.html]
[www.movimentohermes.com.br/diretorias/projetosabf8.html]
[www.movimentohermes.com.br/component/mailto/index1fab.html]
[www.movimentohermes.com.br/component/mailto/index1fab.html]
[www.movimentohermes.com.br/tudo/index.png]
[www.movimentohermes.com.br/acoesdcab.feed]
[www.movimentohermes.com.br/acoes/oficina-de-projetosabf8.html]
[www.movimentohermes.com.br/component/mailto/index8ecb.html]
[www.movimentohermes.com.br/component/mailto/index8ecb.html]
[www.movimentohermes.com.br/acoes/grupos-de-estudoabf8.html]
[www.movimentohermes.com.br/component/mailto/index3f15.html]
[www.movimentohermes.com.br/component/mailto/index3f15.html]
[www.movimentohermes.com.br/acoes/republicaabf8.html]
[www.movimentohermes.com.br/component/mailto/index432d.html]
[www.movimentohermes.com.br/component/mailto/index432d.html]
[www.movimentohermes.com.br/faca-parteabf8.html]
[www.movimentohermes.com.br/templates/ja_pyro/css/print.css]
[www.movimentohermes.com.br/component/mailto/index70e1.html]
[www.movimentohermes.com.br/component/mailto/index70e1.html]
[www.movimentohermes.com.br/sobre/wagner-martins-de-souzaabf8.html]
[www.movimentohermes.com.br/projetos/fliperama-no-ceue.pdf]
[www.movimentohermes.com.br/sobre/emerson-rocha-luiz.html]
[www.movimentohermes.com.br/sobre/emerson-rocha-luizabf8.html]
[a3.twimg.com/profile_images/1038850891/eles_estao_vindo_____normal.jpg]
[www.movimentohermes.com.br/sobre/emerson-rocha-luiz.html]
[www.movimentohermes.com.br/sobre/emanuel-moutinho-cesconetoabf8.html]
[www.movimentohermes.com.br/sobre/leonardo-pitta-klein.html]
[www.movimentohermes.com.br/sobre/emerson-rocha-luiz.pdf]
[www.movimentohermes.com.br/sobre/leonardo-pitta-kleinabf8.html]
[a1.twimg.com/profile_images/1167782833/Leo_normal.jpg]
[www.movimentohermes.com.br/sobre/leonardo-pitta-klein.html]
[www.movimentohermes.com.br/component/mailto/index0f1c.html]
[www.movimentohermes.com.br/component/mailto/index0f1c.html]
[www.movimentohermes.com.br/sobre/marcos-vinicius-barbosa-ribeiroabf8.html]
[www.movimentohermes.com.br/projetos/resumo-das-acoes-de-do-movimento-hermes-na-escola-de-engenhariaabf8.html]
[www.movimentohermes.com.br/projetos/resumo-das-acoes-de-do-movimento-hermes-na-escola-de-engenhariaabf8.html]
[www.movimentohermes.com.br/sobre/leonardo-pitta-klein.pdf]
[www.movimentohermes.com.br/projetos/grupos-de-estudos-ceue.pdf]
[www.movimentohermes.com.br/projetos/rodada-de-debatesabf8.html]
[www.movimentohermes.com.br/projetos/rodada-de-debatesabf8.html]
[www.movimentohermes.com.br/component/mailto/index32f6.html]
[www.movimentohermes.com.br/component/mailto/index32f6.html]
[www.movimentohermes.com.br/sobre/francio-rodriguesabf8.html]
[www.movimentohermes.com.br/component/mailto/index5cf4.html]
[www.movimentohermes.com.br/component/mailto/index5cf4.html]
[www.movimentohermes.com.br/projetos/ceue-apoia-tua-moradiaabf8.html]
[www.movimentohermes.com.br/projetos/ceue-apoia-tua-moradiaabf8.html]
[www.movimentohermes.com.br/projetos/apoio-a-novos-projetos-do-ceue.pdf]
[www.movimentohermes.com.br/acoes/oficina-de-projetos-ceue.html]
[www.movimentohermes.com.br/acoes/oficina-de-projetos-ceueabf8.html]
[www.movimentohermes.com.br/acoes/oficina-de-projetos-ceue.html]
[www.movimentohermes.com.br/acoes/oficina-de-projetos-ceue.pdf]
[www.movimentohermes.com.br/projetos/grafica-do-ceue.pdf]
[www.movimentohermes.com.br/projetos/relatorias-de-gestao-do-ceueabf8.html]
[www.movimentohermes.com.br/projetos/relatorias-de-gestao-do-ceueabf8.html]
[www.movimentohermes.com.br/projetos/divulgacao-de-gerenciamento-de-entidades-academicas.pdf]
[www.movimentohermes.com.br/projetos/ceue-pre-vestibular-popularabf8.html]
[www.movimentohermes.com.br/projetos/ceue-pre-vestibular-popularabf8.html]
[www.movimentohermes.com.br/projetos/ceue-apoia-teu-pre-vestibular-popular.pdf]
[www.movimentohermes.com.br/projetos/ceue-procura-os-direitos-do-movimento-estudantil.pdf]
[www.movimentohermes.com.br/templates/ja_pyro/images/icon-search.gif]
[www.movimentohermes.com.br/templates/ja_pyro/images/so-q.gif]
[www.movimentohermes.com.br/templates/ja_pyro/images/arrow.png]
[www.movimentohermes.com.br/diretorias/presidenciaabf8.html]
[www.movimentohermes.com.br/diretorias/presidenciaabf8.html]
[www.movimentohermes.com.br/diretorias/marketing-e-relacoes-institucionaisabf8.html]
[www.movimentohermes.com.br/diretorias/marketing-e-relacoes-institucionaisabf8.html]
[www.movimentohermes.com.br/projetos/oficina-de-projetos-ceueabf8.html]
[www.movimentohermes.com.br/projetos/oficina-de-projetos-ceueabf8.html]
[www.movimentohermes.com.br/faca-parte.pdf]
[www.movimentohermes.com.br/component/mailto/indexfffc.html]
[www.movimentohermes.com.br/component/mailto/indexfffc.html]
[www.movimentohermes.com.br/sobre/emerson-rocha-luizabf8.html]
[www.movimentohermes.com.br/component/mailto/indexbcdc.html]
[www.movimentohermes.com.br/component/mailto/indexbcdc.html]
[www.movimentohermes.com.br/component/mailto/indexaf8f.html]
[www.movimentohermes.com.br/component/mailto/indexaf8f.html]
[www.movimentohermes.com.br/sobre/leonardo-pitta-kleinabf8.html]
[www.movimentohermes.com.br/acoes/oficina-de-projetos-ceueabf8.html]
[www.movimentohermes.com.br/projetos/desenvolvimento-de-softwareabf8.html]
[www.movimentohermes.com.br/projetos/desenvolvimento-de-softwareabf8.html]
