[ceuechapa2.blogspot.com/index.html]
[backblue.gif]
[fade.gif]
[index.html]
[ceuechapa2.blogspot.com/2010/12/quem-afinal-e-situacao-no-ceue.html]
[img1.blogblog.com/img/icon18_email.gif]
[img2.blogblog.com/img/icon18_edit_allbkg.gif]
[ceuechapa2.blogspot.com/2010/11/nominata-nome-e-curso.html]
[ceuechapa2.blogspot.com/search/label/Nominata.html]
[ceuechapa2.blogspot.com/2010/11/integracao.html]
[ceuechapa2.blogspot.com/2010/11/esportes.html]
[ceuechapa2.blogspot.com/2010/11/infraestrutura.html]
[ceuechapa2.blogspot.com/2010/11/resgate-cultural.html]
[ceuechapa2.blogspot.com/2010/11/ensino.html]
[ceuechapa2.blogspot.com/2010/11/responsabilidade-social.html]
[ceuechapa2.blogspot.com/2010/11/eleicoes-ceue-2010-2011.html]
[4.bp.blogspot.com/_gkwukvnQL70/TOwG_HYBGpI/AAAAAAAAABQ/R0Lf89t06kI/S250/cartaz.jpg]
[img1.blogblog.com/img/icon18_wrench_allbkg.png]
[ceuechapa2.blogspot.com/searchb719.html]
[ceuechapa2.blogspot.com/2010_12_01_archive.html]
[2.bp.blogspot.com/_gkwukvnQL70/TOwGeFHDhII/AAAAAAAAAAw/4qpo8B7CFC8/S220/cartaz.jpg]
[ceuechapa2.blogspot.com/2010_11_01_archive.html]
[www.blogger.com/static/v1/widgets/2861516469-widgets.js]
[ceuechapa2.blogspot.com/index.html]
[ceuechapa2.blogspot.com/feeds/posts/default9522html.html]
[www.blogger.com/dyn-css/authorization9491.css]
[ceuechapa2.blogspot.com/feeds/5415232871182860300/comments/defaulthtml.html]
[www.blogger.com/static/v1/jsbin/528630121-comment_from_post_iframe.js]
[ceuechapa2.blogspot.com/2010/12/quem-afinal-e-situacao-no-ceue.html]
[ceuechapa2.blogspot.com/2010/11/nominata-nome-e-curso.html]
[ceuechapa2.blogspot.com/feeds/1744864744470487110/comments/defaulthtml.html]
[ceuechapa2.blogspot.com/search/label/Nominata8fc8.html]
[ceuechapa2.blogspot.com/search/label/Nominata.html]
[ceuechapa2.blogspot.com/search/label/Nominata3573.html]
[ceuechapa2.blogspot.com/feeds/82994034785616258/comments/defaulthtml.html]
[img2.blogblog.com/img/b16-rounded.gif]
[ceuechapa2.blogspot.com/2010/11/integracao116c.html]
[www.blogger.com/img/icon_delete13.gif]
[ceuechapa2.blogspot.com/2010/11/integracao.html]
[ceuechapa2.blogspot.com/feeds/3912757930089074502/comments/defaulthtml.html]
[ceuechapa2.blogspot.com/2010/11/esportes.html]
[ceuechapa2.blogspot.com/feeds/977552792691604739/comments/defaulthtml.html]
[ceuechapa2.blogspot.com/2010/11/infraestrutura.html]
[ceuechapa2.blogspot.com/feeds/6277928963117909945/comments/defaulthtml.html]
[ceuechapa2.blogspot.com/2010/11/resgate-cultural.html]
[ceuechapa2.blogspot.com/feeds/4119614475892230769/comments/defaulthtml.html]
[ceuechapa2.blogspot.com/2010/11/ensino.html]
[ceuechapa2.blogspot.com/feeds/6696474380994607263/comments/defaulthtml.html]
[ceuechapa2.blogspot.com/2010/11/responsabilidade-social.html]
[ceuechapa2.blogspot.com/feeds/832532116940663997/comments/defaulthtml.html]
[ceuechapa2.blogspot.com/2010/11/eleicoes-ceue-2010-2011.html]
[ceuechapa2.blogspot.com/searchb719.html]
[ceuechapa2.blogspot.com/2010_12_01_archive.html]
[ceuechapa2.blogspot.com/2010_11_01_archive.html]
[ceuechapa2.blogspot.com/searchd694.html]
[ceuechapa2.blogspot.com/searcha365.html]
[ceuechapa2.blogspot.com/feeds/posts/defaulthtml.html]
[www.blogger.com/img/triangle_ltr.gif]
[www.blogger.com/static/v1/widgets/1001817283-widget_css_2_bundle.css]
[ceuechapa2.blogspot.com/search/label/Nominata8fc8.html]
[ceuechapa2.blogspot.com/search/label/Nominata3573.html]
[ceuechapa2.blogspot.com/2010/11/integracao116c.html]
[ceuechapa2.blogspot.com/searchd694.html]
[ceuechapa2.blogspot.com/search/label/Nominataa8b2.html]
[ceuechapa2.blogspot.com/searcha365.html]
[ceuechapa2.blogspot.com/search/label/Nominataa8b2.html]
[ceuechapa2.blogspot.com/searchc440.html]
[ceuechapa2.blogspot.com/searchc440.html]
