[sites.google.com/site/comissaoeleitoralceue/index.html]
[www.gstatic.com/sites/p/4609d5/system/app/images/apple-touch-icon.png]
[backblue.gif]
[fade.gif]
[index.html]
[www.gstatic.com/sites/p/4609d5/system/app/images/cleardot.gif]
[sites.google.com/site/comissaoeleitoralceue/atas.html]
[sites.google.com/site/comissaoeleitoralceue/o-que-e-o-ceue.html]
[sites.google.com/site/comissaoeleitoralceue/representantes-de-curso.html]
[sites.google.com/site/comissaoeleitoralceue/debates.html]
[sites.google.com/site/comissaoeleitoralceue/documentos.html]
[sites.google.com/site/comissaoeleitoralceue/lista-de-votantes.html]
[sites.google.com/site/comissaoeleitoralceue/recursos-de-chapas.html]
[sites.google.com/site/comissaoeleitoralceue/resultados.html]
[sites.google.com/site/comissaoeleitoralceue/subcentros.html]
[sites.google.com/site/comissaoeleitoralceue/system/app/pages/recentChanges.html]
[sites.google.com/site/comissaoeleitoralceue/system/app/pages/reportAbusec86e.html]
[www.gstatic.com/sites/p/4609d5/system/js/jot_min_view__pt_br.js]
[sites.google.com/site/comissaoeleitoralceue/_/tz.12.delayed]
[sites.google.com/site/comissaoeleitoralceue/index.html]
[ssl.gstatic.com/editor/bubble2_tr.gif]
[www.gstatic.com/sites/p/4609d5/system/app/css/trogedit.css]
[sites.google.com/site/comissaoeleitoralceue/_/rsrc/1291063356000/system/app/images/toolbar-check.gif]
[sites.google.com/site/comissaoeleitoralceue/_/rsrc/1291063356000/system/app/images/toolbar2.gif]
[sites.google.com/site/comissaoeleitoralceue/_/rsrc/1291063356000/system/app/images/formatblock-menu-icons.gif]
[sites.google.com/site/comissaoeleitoralceue/_/rsrc/1291063356000/system/app/css/editor.css]
[ssl.gstatic.com/editor/button-bg.png]
[www.gstatic.com/sites/p/4609d5/system/app/themes/iceberg/standard-css-iceberg-ltr-ltr.css]
[sites.google.com/site/comissaoeleitoralceue/home.html]
[sites.google.com/site/comissaoeleitoralceue/atas/1aatacomissaoeleitoralCEUE.196fb5.delayed]
[4437226914325288318-a-1802744773732722657-s-sites.googlegroups.com/site/comissaoeleitoralceue/atas/1aatacomissaoeleitoralCEUE442a.JPG]
[sites.google.com/site/comissaoeleitoralceue/atas/1aatacomissaoeleitoralCEUE.1b9a1b.delayed]
[4437226914325288318-a-1802744773732722657-s-sites.googlegroups.com/site/comissaoeleitoralceue/atas/1aatacomissaoeleitoralCEUE4202.JPG]
[sites.google.com/site/comissaoeleitoralceue/atas/2aatacomissaoeleitoralCEUE.1d6fb5.delayed]
[4437226914325288318-a-1802744773732722657-s-sites.googlegroups.com/site/comissaoeleitoralceue/atas/2aatacomissaoeleitoralCEUE9c2a.JPG]
[sites.google.com/site/comissaoeleitoralceue/atas/2aatacomissaoeleitoralCEUE.1f9a1b.delayed]
[4437226914325288318-a-1802744773732722657-s-sites.googlegroups.com/site/comissaoeleitoralceue/atas/2aatacomissaoeleitoralCEUE2b7d.JPG]
[sites.google.com/site/comissaoeleitoralceue/atas/3ªATA.216fb5.delayed]
[4437226914325288318-a-1802744773732722657-s-sites.googlegroups.com/site/comissaoeleitoralceue/atas/3ªATAa12f.JPG]
[sites.google.com/site/comissaoeleitoralceue/atas/3ªATA.239a1b.delayed]
[4437226914325288318-a-1802744773732722657-s-sites.googlegroups.com/site/comissaoeleitoralceue/atas/3ªATAb5b1.JPG]
[sites.google.com/site/comissaoeleitoralceue/atas/4ªATA.256fb5.delayed]
[4437226914325288318-a-1802744773732722657-s-sites.googlegroups.com/site/comissaoeleitoralceue/atas/4ªATA175e.JPG]
[sites.google.com/site/comissaoeleitoralceue/atas/4ªATA.279a1b.delayed]
[4437226914325288318-a-1802744773732722657-s-sites.googlegroups.com/site/comissaoeleitoralceue/atas/4ªATA4d6b.JPG]
[sites.google.com/site/comissaoeleitoralceue/atas/Anexo3ªATA.296fb5.delayed]
[4437226914325288318-a-1802744773732722657-s-sites.googlegroups.com/site/comissaoeleitoralceue/atas/Anexo3ªATA7879.JPG]
[sites.google.com/site/comissaoeleitoralceue/atas/Anexo3ªATA.2b9a1b.delayed]
[4437226914325288318-a-1802744773732722657-s-sites.googlegroups.com/site/comissaoeleitoralceue/atas/Anexo3ªATA87a5.JPG]
[sites.google.com/site/comissaoeleitoralceue/atas.html]
[sites.google.com/site/comissaoeleitoralceue/system/app/pages/reportAbusea982.html]
[sites.google.com/site/comissaoeleitoralceue/o-que-e-o-ceue.html]
[sites.google.com/site/comissaoeleitoralceue/system/app/pages/reportAbuse9a6c.html]
[sites.google.com/site/comissaoeleitoralceue/representantes-de-curso.html]
[sites.google.com/site/comissaoeleitoralceue/system/app/pages/reportAbuse7b8c.html]
[sites.google.com/site/comissaoeleitoralceue/debates.html]
[sites.google.com/site/comissaoeleitoralceue/system/app/pages/reportAbuse6a6b.html]
[sites.google.com/site/comissaoeleitoralceue/documentos/ANEXOI.319a1b.delayed]
[sites.google.com/site/comissaoeleitoralceue/documentos/ANEXOII.329a1b.delayed]
[sites.google.com/site/comissaoeleitoralceue/documentos/ANEXOIII.339a1b.delayed]
[sites.google.com/site/comissaoeleitoralceue/system/app/pages/admin/revisions.343261.delayed]
[sites.google.com/site/comissaoeleitoralceue/documentos/ANEXOIV.359a1b.delayed]
[sites.google.com/site/comissaoeleitoralceue/documentos/EDITALELEIÇÕESCEUE.369a1b.delayed]
[sites.google.com/site/comissaoeleitoralceue/documentos.html]
[sites.google.com/site/comissaoeleitoralceue/system/app/pages/reportAbuse02ec.html]
[sites.google.com/site/comissaoeleitoralceue/system/app/images/attach_icons/icon_pdf.gif]
[sites.google.com/site/comissaoeleitoralceue/lista-de-votantes/EleitoresCEUE.3a9a1b.delayed]
[sites.google.com/site/comissaoeleitoralceue/lista-de-votantes/EleitoresCívil.3b9a1b.delayed]
[sites.google.com/site/comissaoeleitoralceue/lista-de-votantes/EleitoresControleeAutomação.3c9a1b.delayed]
[sites.google.com/site/comissaoeleitoralceue/system/app/pages/admin/revisions.3d2e96.delayed]
[sites.google.com/site/comissaoeleitoralceue/lista-de-votantes/EleitoresEletricaConselho.3e9a1b.delayed]
[sites.google.com/site/comissaoeleitoralceue/lista-de-votantes/EleitoresElétrica.3f9a1b.delayed]
[sites.google.com/site/comissaoeleitoralceue/lista-de-votantes/eleitoresfísicaconselho.409a1b.delayed]
[sites.google.com/site/comissaoeleitoralceue/lista-de-votantes/EleitoresFísica.419a1b.delayed]
[sites.google.com/site/comissaoeleitoralceue/lista-de-votantes/Eleitoresmateriaisconselho.429a1b.delayed]
[sites.google.com/site/comissaoeleitoralceue/lista-de-votantes/EleitoresMateriais.439a1b.delayed]
[sites.google.com/site/comissaoeleitoralceue/lista-de-votantes/EleitoresMetalúrgica.449a1b.delayed]
[sites.google.com/site/comissaoeleitoralceue/lista-de-votantes/EleitoresMinas.459a1b.delayed]
[sites.google.com/site/comissaoeleitoralceue/lista-de-votantes/Eleitoresquímicaconselho.469a1b.delayed]
[sites.google.com/site/comissaoeleitoralceue/lista-de-votantes/EleitoresQuímica.479a1b.delayed]
[www.gstatic.com/sites/p/4609d5/system/app/images/attach_icons/icon_page.gif]
[www.gstatic.com/sites/p/4609d5/system/app/images/attach_icons/icon_img.gif]
[www.gstatic.com/sites/p/4609d5/system/app/images/attach_icons/icon_pdf.gif]
[www.gstatic.com/sites/p/4609d5/system/app/images/attach_icons/icon_word.gif]
[www.gstatic.com/sites/p/4609d5/system/app/images/attach_icons/icon_xls.gif]
[www.gstatic.com/sites/p/4609d5/system/app/images/attach_icons/icon_ppt.gif]
[www.gstatic.com/sites/p/4609d5/system/app/images/attach_icons/icon_youtube.gif]
[www.gstatic.com/sites/p/4609d5/system/app/images/attach_icons/icon_picasa.gif]
[www.gstatic.com/sites/p/4609d5/system/app/images/attach_icons/icon_cal.gif]
[www.gstatic.com/sites/p/4609d5/system/app/images/attach_icons/icon_spread.gif]
[www.gstatic.com/sites/p/4609d5/system/app/images/attach_icons/icon_video.gif]
[www.gstatic.com/sites/p/4609d5/system/app/images/attach_icons/icon_sites.gif]
[www.gstatic.com/sites/p/4609d5/system/app/images/attach_icons/icon_doc.gif]
[www.gstatic.com/sites/p/4609d5/system/app/images/attach_icons/icon_presentation.gif]
[sites.google.com/site/comissaoeleitoralceue/system/app/pages/reportAbuse3ce1.html]
[www.gstatic.com/sites/p/4609d5/system/js/jot_min_filecabinet_view__pt_br.js]
[sites.google.com/site/comissaoeleitoralceue/lista-de-votantes.html]
[sites.google.com/site/comissaoeleitoralceue/system/app/images/attach_icons/icon_img.gif]
[sites.google.com/site/comissaoeleitoralceue/recursos-de-chapas/recurso1-chapa1.596fb5.delayed]
[4437226914325288318-a-1802744773732722657-s-sites.googlegroups.com/site/comissaoeleitoralceue/recursos-de-chapas/recurso1-chapa190e1.JPG]
[sites.google.com/site/comissaoeleitoralceue/recursos-de-chapas/recurso1-chapa1.5b9a1b.delayed]
[4437226914325288318-a-1802744773732722657-s-sites.googlegroups.com/site/comissaoeleitoralceue/recursos-de-chapas/recurso1-chapa123c3.JPG]
[sites.google.com/site/comissaoeleitoralceue/system/app/pages/admin/revisions.5dc9a0.delayed]
[sites.google.com/site/comissaoeleitoralceue/recursos-de-chapas/recurso1-chapa2.5e6fb5.delayed]
[4437226914325288318-a-1802744773732722657-s-sites.googlegroups.com/site/comissaoeleitoralceue/recursos-de-chapas/recurso1-chapa254a1.JPG]
[sites.google.com/site/comissaoeleitoralceue/recursos-de-chapas/recurso1-chapa2.609a1b.delayed]
[4437226914325288318-a-1802744773732722657-s-sites.googlegroups.com/site/comissaoeleitoralceue/recursos-de-chapas/recurso1-chapa2fb69.JPG]
[sites.google.com/site/comissaoeleitoralceue/recursos-de-chapas/recurso2-chapa2.626fb5.delayed]
[4437226914325288318-a-1802744773732722657-s-sites.googlegroups.com/site/comissaoeleitoralceue/recursos-de-chapas/recurso2-chapa2c7c0.JPG]
[sites.google.com/site/comissaoeleitoralceue/recursos-de-chapas/recurso2-chapa2.649a1b.delayed]
[4437226914325288318-a-1802744773732722657-s-sites.googlegroups.com/site/comissaoeleitoralceue/recursos-de-chapas/recurso2-chapa26cc7.JPG]
[sites.google.com/site/comissaoeleitoralceue/system/app/pages/reportAbuse7a83.html]
[sites.google.com/site/comissaoeleitoralceue/recursos-de-chapas.html]
[sites.google.com/site/comissaoeleitoralceue/resultados/CEUE.679a1b.delayed]
[sites.google.com/site/comissaoeleitoralceue/resultados/ConselhoEngEletrica.689a1b.delayed]
[sites.google.com/site/comissaoeleitoralceue/resultados/ConselhoEngFísica.699a1b.delayed]
[sites.google.com/site/comissaoeleitoralceue/resultados/ConselhoEngMateriais.6a9a1b.delayed]
[sites.google.com/site/comissaoeleitoralceue/resultados/ConselhoEngQuimica.6b9a1b.delayed]
[sites.google.com/site/comissaoeleitoralceue/resultados/EngCivil.6c9a1b.delayed]
[sites.google.com/site/comissaoeleitoralceue/resultados/EngControleeAutomação.6d9a1b.delayed]
[sites.google.com/site/comissaoeleitoralceue/resultados/EngElétrica.6e9a1b.delayed]
[sites.google.com/site/comissaoeleitoralceue/resultados/EngFísica.6f9a1b.delayed]
[sites.google.com/site/comissaoeleitoralceue/resultados/EngMateriais.709a1b.delayed]
[sites.google.com/site/comissaoeleitoralceue/resultados/EngMetalúrgica.719a1b.delayed]
[sites.google.com/site/comissaoeleitoralceue/resultados/EngMinas.729a1b.delayed]
[sites.google.com/site/comissaoeleitoralceue/resultados/EngQuimica.739a1b.delayed]
[sites.google.com/site/comissaoeleitoralceue/resultados.html]
[sites.google.com/site/comissaoeleitoralceue/system/app/pages/reportAbusef1c4.html]
[sites.google.com/site/comissaoeleitoralceue/subcentros.html]
[sites.google.com/site/comissaoeleitoralceue/system/app/pages/reportAbuse00d0.html]
[sites.google.com/site/comissaoeleitoralceue/activity.xml]
[sites.google.com/site/comissaoeleitoralceue/system.html]
[sites.google.com/site/comissaoeleitoralceue/system/app.html]
[sites.google.com/site/comissaoeleitoralceue/system/app/pages.html]
[sites.google.com/site/comissaoeleitoralceue/lista-de-votantes/Eleitoresquímicaconselho.7a6fb5.delayed]
[sites.google.com/site/comissaoeleitoralceue/lista-de-votantes/EleitoresQuímica.7b6fb5.delayed]
[sites.google.com/site/comissaoeleitoralceue/lista-de-votantes/EleitoresMinas.7c6fb5.delayed]
[sites.google.com/site/comissaoeleitoralceue/lista-de-votantes/EleitoresMetalúrgica.7d6fb5.delayed]
[sites.google.com/site/comissaoeleitoralceue/lista-de-votantes/Eleitoresmateriaisconselho.7e6fb5.delayed]
[sites.google.com/site/comissaoeleitoralceue/lista-de-votantes/EleitoresMateriais.7f6fb5.delayed]
[sites.google.com/site/comissaoeleitoralceue/lista-de-votantes/EleitoresFísica.806fb5.delayed]
[sites.google.com/site/comissaoeleitoralceue/lista-de-votantes/eleitoresfísicaconselho.816fb5.delayed]
[sites.google.com/site/comissaoeleitoralceue/lista-de-votantes/EleitoresEletricaConselho.826fb5.delayed]
[sites.google.com/site/comissaoeleitoralceue/lista-de-votantes/EleitoresElétrica.836fb5.delayed]
[sites.google.com/site/comissaoeleitoralceue/lista-de-votantes/EleitoresControleeAutomação.846fb5.delayed]
[sites.google.com/site/comissaoeleitoralceue/lista-de-votantes/EleitoresCívil.866fb5.delayed]
[sites.google.com/site/comissaoeleitoralceue/lista-de-votantes/EleitoresCEUE.876fb5.delayed]
[sites.google.com/site/comissaoeleitoralceue/resultados/EngQuimica.886fb5.delayed]
[sites.google.com/site/comissaoeleitoralceue/resultados/EngMinas.896fb5.delayed]
[sites.google.com/site/comissaoeleitoralceue/resultados/EngMetalúrgica.8a6fb5.delayed]
[sites.google.com/site/comissaoeleitoralceue/resultados/EngMateriais.8b6fb5.delayed]
[sites.google.com/site/comissaoeleitoralceue/resultados/EngFísica.8c6fb5.delayed]
[sites.google.com/site/comissaoeleitoralceue/resultados/EngElétrica.8d6fb5.delayed]
[sites.google.com/site/comissaoeleitoralceue/resultados/EngControleeAutomação.8e6fb5.delayed]
[sites.google.com/site/comissaoeleitoralceue/resultados/EngCivil.8f6fb5.delayed]
[sites.google.com/site/comissaoeleitoralceue/system/app/pages/recentChanges4c30.html]
[sites.google.com/site/comissaoeleitoralceue/system/app/pages/recentChanges.html]
[sites.google.com/site/comissaoeleitoralceue/system/app/pages/reportAbuse2039.html]
[www.gstatic.com/sites/p/4609d5/system/js/jot_min__pt_pt.js]
[www.gstatic.com/sites/p/4609d5/system/app/images/logo/logo__pt_pt.gif]
[sites.google.com/site/comissaoeleitoralceue/system/app/pages/reportAbusec86e.html]
[sites.google.com/site/comissaoeleitoralceue/_/rsrc/1291063356000/system/app/themes/iceberg/standard-css-iceberg-ltr-ltr.css]
[sites.google.com/site/comissaoeleitoralceue/_/tz.html]
[sites.google.com/site/comissaoeleitoralceue/home.html]
[sites.google.com/site/comissaoeleitoralceue/system/app/pages/reportAbusea982.html]
[sites.google.com/site/comissaoeleitoralceue/system/app/pages/reportAbuse9a6c.html]
[sites.google.com/site/comissaoeleitoralceue/system/app/pages/reportAbuse7b8c.html]
[sites.google.com/site/comissaoeleitoralceue/system/app/pages/reportAbuse6a6b.html]
[sites.google.com/site/comissaoeleitoralceue/system/app/pages/admin/revisions3261.html]
[sites.google.com/site/comissaoeleitoralceue/system/app/pages/reportAbuse02ec.html]
[www.gstatic.com/sites/p/4609d5/system/app/pagetypes/filecabinet/icon-folder.gif]
[www.gstatic.com/sites/p/4609d5/system/app/pagetypes/filecabinet/icon-trash.gif]
[www.gstatic.com/sites/p/4609d5/system/app/images/icon_new.gif]
[www.gstatic.com/sites/p/4609d5/system/app/images/icon_sprites.gif]
[www.gstatic.com/sites/p/4609d5/system/app/pagetypes/filecabinet/filecabinet.css]
[sites.google.com/site/comissaoeleitoralceue/system/app/pages/admin/revisions2e96.html]
[sites.google.com/site/comissaoeleitoralceue/system/app/pages/reportAbuse3ce1.html]
[sites.google.com/site/comissaoeleitoralceue/system/app/pages/admin/revisionsc9a0.html]
[sites.google.com/site/comissaoeleitoralceue/system/app/pages/reportAbuse7a83.html]
[sites.google.com/site/comissaoeleitoralceue/system/app/pages/reportAbusef1c4.html]
[sites.google.com/site/comissaoeleitoralceue/system/app/pages/reportAbuse00d0.html]
[sites.google.com/site/comissaoeleitoralceue/system.html]
[sites.google.com/site/comissaoeleitoralceue/system/app.html]
[sites.google.com/site/comissaoeleitoralceue/system/app/pages.html]
[sites.google.com/site/comissaoeleitoralceue/resultados/ConselhoEngQuimica.986fb5.delayed]
[sites.google.com/site/comissaoeleitoralceue/resultados/ConselhoEngMateriais.996fb5.delayed]
[sites.google.com/site/comissaoeleitoralceue/resultados/ConselhoEngFísica.9a6fb5.delayed]
[sites.google.com/site/comissaoeleitoralceue/resultados/ConselhoEngEletrica.9b6fb5.delayed]
[sites.google.com/site/comissaoeleitoralceue/resultados/CEUE.9c6fb5.delayed]
[sites.google.com/site/comissaoeleitoralceue/resultados/Relatorio.9d6fb5.delayed]
[sites.google.com/site/comissaoeleitoralceue/resultados/Eleitores.9e6fb5.delayed]
[sites.google.com/site/comissaoeleitoralceue/system/app/pages/recentChangese164.html]
[sites.google.com/site/comissaoeleitoralceue/system/app/pages/recentChanges4c30.html]
[sites.google.com/site/comissaoeleitoralceue/system/app/pages/reportAbuse2039.html]
[sites.google.com/site/comissaoeleitoralceue/system/app/pages/recentChangesf13c.html]
[sites.google.com/site/comissaoeleitoralceue/resultados/Relatorio6fb5.html]
[sites.google.com/site/comissaoeleitoralceue/resultados/Eleitores6fb5.html]
[sites.google.com/site/comissaoeleitoralceue/documentos/EDITALELEIÇÕESCEUE.a16fb5.delayed]
[sites.google.com/site/comissaoeleitoralceue/documentos/EDITALCEUE.a26fb5.delayed]
[sites.google.com/site/comissaoeleitoralceue/system/app/pages/recentChangese164.html]
[sites.google.com/site/comissaoeleitoralceue/system/app/pages/recentChangesf13c.html]
[sites.google.com/site/comissaoeleitoralceue/documentos/EDITALCEUE6fb5.html]
[sites.google.com/site/comissaoeleitoralceue/system/app/pages/recentChanges79ee.html]
[sites.google.com/site/comissaoeleitoralceue/documentos/ANEXOIV.ba6fb5.delayed]
[sites.google.com/site/comissaoeleitoralceue/documentos/ANEXOIII.bd6fb5.delayed]
[sites.google.com/site/comissaoeleitoralceue/documentos/ANEXOII.be6fb5.delayed]
[sites.google.com/site/comissaoeleitoralceue/documentos/ANEXOI.bf6fb5.delayed]
[sites.google.com/site/comissaoeleitoralceue/documentos/ANEXOI.c06fb5.delayed]
[sites.google.com/site/comissaoeleitoralceue/documentos/ANEXOII.c16fb5.delayed]
[sites.google.com/site/comissaoeleitoralceue/documentos/ANEXOIII.c26fb5.delayed]
[sites.google.com/site/comissaoeleitoralceue/system/app/pages/recentChanges79ee.html]
[sites.google.com/site/comissaoeleitoralceue/documentos/ANEXOI6fb5.html]
[sites.google.com/site/comissaoeleitoralceue/documentos/ANEXOII6fb5.html]
[sites.google.com/site/comissaoeleitoralceue/documentos/ANEXOIII6fb5.html]
